🌟 Usage Summary 🌟
[Planning] Overall plan
🛠️ Model: o3-mini
📥 Input tokens: 10872 (Cost: $0.01195920)
📦 Cached input tokens: 0 (Cost: $0.00000000)
📤 Output tokens: 6895 (Cost: $0.03033800)
💵 Current total cost: $0.04229720
🪙 Accumulated total cost so far: $0.04229720
============================================

🌟 Usage Summary 🌟
[Planning] Architecture design
🛠️ Model: o3-mini
📥 Input tokens: 14491 (Cost: $0.01594010)
📦 Cached input tokens: 0 (Cost: $0.00000000)
📤 Output tokens: 1766 (Cost: $0.00777040)
💵 Current total cost: $0.02371050
🪙 Accumulated total cost so far: $0.06600770
============================================

🌟 Usage Summary 🌟
[Planning] Logic design
🛠️ Model: o3-mini
📥 Input tokens: 5216 (Cost: $0.00573760)
📦 Cached input tokens: 10752 (Cost: $0.00591360)
📤 Output tokens: 2099 (Cost: $0.00923560)
💵 Current total cost: $0.02088680
🪙 Accumulated total cost so far: $0.08689450
============================================

🌟 Usage Summary 🌟
[Planning] Configuration file generation
🛠️ Model: o3-mini
📥 Input tokens: 2422 (Cost: $0.00266420)
📦 Cached input tokens: 14464 (Cost: $0.00795520)
📤 Output tokens: 2910 (Cost: $0.01280400)
💵 Current total cost: $0.02342340
🪙 Accumulated total cost so far: $0.11031790
============================================

🌟 Usage Summary 🌟
[ANALYSIS] dataset_loader.py
🛠️ Model: o3-mini
📥 Input tokens: 15937 (Cost: $0.01753070)
📦 Cached input tokens: 0 (Cost: $0.00000000)
📤 Output tokens: 3947 (Cost: $0.01736680)
💵 Current total cost: $0.03489750
🪙 Accumulated total cost so far: $0.14521540
============================================

🌟 Usage Summary 🌟
[ANALYSIS] model.py
🛠️ Model: o3-mini
📥 Input tokens: 199 (Cost: $0.00021890)
📦 Cached input tokens: 15744 (Cost: $0.00865920)
📤 Output tokens: 5256 (Cost: $0.02312640)
💵 Current total cost: $0.03200450
🪙 Accumulated total cost so far: $0.17721990
============================================

🌟 Usage Summary 🌟
[ANALYSIS] trainer.py
🛠️ Model: o3-mini
📥 Input tokens: 15965 (Cost: $0.01756150)
📦 Cached input tokens: 0 (Cost: $0.00000000)
📤 Output tokens: 5038 (Cost: $0.02216720)
💵 Current total cost: $0.03972870
🪙 Accumulated total cost so far: $0.21694860
============================================

🌟 Usage Summary 🌟
[ANALYSIS] evaluation.py
🛠️ Model: o3-mini
📥 Input tokens: 187 (Cost: $0.00020570)
📦 Cached input tokens: 15744 (Cost: $0.00865920)
📤 Output tokens: 3379 (Cost: $0.01486760)
💵 Current total cost: $0.02373250
🪙 Accumulated total cost so far: $0.24068110
============================================

🌟 Usage Summary 🌟
[ANALYSIS] main.py
🛠️ Model: o3-mini
📥 Input tokens: 180 (Cost: $0.00019800)
📦 Cached input tokens: 15744 (Cost: $0.00865920)
📤 Output tokens: 3197 (Cost: $0.01406680)
💵 Current total cost: $0.02292400
🪙 Accumulated total cost so far: $0.26360510
============================================

🌟 Usage Summary 🌟
[CODING] dataset_loader.py
🛠️ Model: o3-mini
📥 Input tokens: 17363 (Cost: $0.01909930)
📦 Cached input tokens: 0 (Cost: $0.00000000)
📤 Output tokens: 13898 (Cost: $0.06115120)
💵 Current total cost: $0.08025050
🪙 Accumulated total cost so far: $0.34385560
============================================

🌟 Usage Summary 🌟
[CODING] model.py
🛠️ Model: o3-mini
📥 Input tokens: 21937 (Cost: $0.02413070)
📦 Cached input tokens: 0 (Cost: $0.00000000)
📤 Output tokens: 10743 (Cost: $0.04726920)
💵 Current total cost: $0.07139990
🪙 Accumulated total cost so far: $0.41525550
============================================

🌟 Usage Summary 🌟
[CODING] trainer.py
🛠️ Model: o3-mini
📥 Input tokens: 10242 (Cost: $0.01126620)
📦 Cached input tokens: 15616 (Cost: $0.00858880)
📤 Output tokens: 7640 (Cost: $0.03361600)
💵 Current total cost: $0.05347100
🪙 Accumulated total cost so far: $0.46872650
============================================

🌟 Usage Summary 🌟
[CODING] evaluation.py
🛠️ Model: o3-mini
📥 Input tokens: 28569 (Cost: $0.03142590)
📦 Cached input tokens: 0 (Cost: $0.00000000)
📤 Output tokens: 7995 (Cost: $0.03517800)
💵 Current total cost: $0.06660390
🪙 Accumulated total cost so far: $0.53533040
============================================

🌟 Usage Summary 🌟
[CODING] main.py
🛠️ Model: o3-mini
📥 Input tokens: 31896 (Cost: $0.03508560)
📦 Cached input tokens: 0 (Cost: $0.00000000)
📤 Output tokens: 3400 (Cost: $0.01496000)
💵 Current total cost: $0.05004560
🪙 Accumulated total cost so far: $0.58537600
============================================

