🌟 Usage Summary 🌟
[Planning] Overall plan
🛠️ Model: o3-mini
📥 Input tokens: 45395 (Cost: $0.04993450)
📦 Cached input tokens: 0 (Cost: $0.00000000)
📤 Output tokens: 7993 (Cost: $0.03516920)
💵 Current total cost: $0.08510370
🪙 Accumulated total cost so far: $0.08510370
============================================

🌟 Usage Summary 🌟
[Planning] Architecture design
🛠️ Model: o3-mini
📥 Input tokens: 49856 (Cost: $0.05484160)
📦 Cached input tokens: 0 (Cost: $0.00000000)
📤 Output tokens: 1827 (Cost: $0.00803880)
💵 Current total cost: $0.06288040
🪙 Accumulated total cost so far: $0.14798410
============================================

🌟 Usage Summary 🌟
[Planning] Logic design
🛠️ Model: o3-mini
📥 Input tokens: 51266 (Cost: $0.05639260)
📦 Cached input tokens: 0 (Cost: $0.00000000)
📤 Output tokens: 1856 (Cost: $0.00816640)
💵 Current total cost: $0.06455900
🪙 Accumulated total cost so far: $0.21254310
============================================

🌟 Usage Summary 🌟
[Planning] Configuration file generation
🛠️ Model: o3-mini
📥 Input tokens: 52261 (Cost: $0.05748710)
📦 Cached input tokens: 0 (Cost: $0.00000000)
📤 Output tokens: 2756 (Cost: $0.01212640)
💵 Current total cost: $0.06961350
🪙 Accumulated total cost so far: $0.28215660
============================================

🌟 Usage Summary 🌟
[ANALYSIS] dataset_loader.py
🛠️ Model: o3-mini
📥 Input tokens: 51151 (Cost: $0.05626610)
📦 Cached input tokens: 0 (Cost: $0.00000000)
📤 Output tokens: 3577 (Cost: $0.01573880)
💵 Current total cost: $0.07200490
🪙 Accumulated total cost so far: $0.35416150
============================================

🌟 Usage Summary 🌟
[ANALYSIS] model.py
🛠️ Model: o3-mini
📥 Input tokens: 51134 (Cost: $0.05624740)
📦 Cached input tokens: 0 (Cost: $0.00000000)
📤 Output tokens: 4431 (Cost: $0.01949640)
💵 Current total cost: $0.07574380
🪙 Accumulated total cost so far: $0.42990530
============================================

🌟 Usage Summary 🌟
[ANALYSIS] trainer.py
🛠️ Model: o3-mini
📥 Input tokens: 51139 (Cost: $0.05625290)
📦 Cached input tokens: 0 (Cost: $0.00000000)
📤 Output tokens: 3491 (Cost: $0.01536040)
💵 Current total cost: $0.07161330
🪙 Accumulated total cost so far: $0.50151860
============================================

🌟 Usage Summary 🌟
[ANALYSIS] evaluation.py
🛠️ Model: o3-mini
📥 Input tokens: 194 (Cost: $0.00021340)
📦 Cached input tokens: 50944 (Cost: $0.02801920)
📤 Output tokens: 5477 (Cost: $0.02409880)
💵 Current total cost: $0.05233140
🪙 Accumulated total cost so far: $0.55385000
============================================

🌟 Usage Summary 🌟
[ANALYSIS] experiment_manager.py
🛠️ Model: o3-mini
📥 Input tokens: 51160 (Cost: $0.05627600)
📦 Cached input tokens: 0 (Cost: $0.00000000)
📤 Output tokens: 3955 (Cost: $0.01740200)
💵 Current total cost: $0.07367800
🪙 Accumulated total cost so far: $0.62752800
============================================

🌟 Usage Summary 🌟
[ANALYSIS] utils.py
🛠️ Model: o3-mini
📥 Input tokens: 51124 (Cost: $0.05623640)
📦 Cached input tokens: 0 (Cost: $0.00000000)
📤 Output tokens: 2611 (Cost: $0.01148840)
💵 Current total cost: $0.06772480
🪙 Accumulated total cost so far: $0.69525280
============================================

🌟 Usage Summary 🌟
[ANALYSIS] main.py
🛠️ Model: o3-mini
📥 Input tokens: 51118 (Cost: $0.05622980)
📦 Cached input tokens: 0 (Cost: $0.00000000)
📤 Output tokens: 3063 (Cost: $0.01347720)
💵 Current total cost: $0.06970700
🪙 Accumulated total cost so far: $0.76495980
============================================

🌟 Usage Summary 🌟
[CODING] dataset_loader.py
🛠️ Model: o3-mini
📥 Input tokens: 53111 (Cost: $0.05842210)
📦 Cached input tokens: 0 (Cost: $0.00000000)
📤 Output tokens: 8304 (Cost: $0.03653760)
💵 Current total cost: $0.09495970
🪙 Accumulated total cost so far: $0.85991950
============================================

🌟 Usage Summary 🌟
[CODING] model.py
🛠️ Model: o3-mini
📥 Input tokens: 4851 (Cost: $0.00533610)
📦 Cached input tokens: 50816 (Cost: $0.02794880)
📤 Output tokens: 7444 (Cost: $0.03275360)
💵 Current total cost: $0.06603850
🪙 Accumulated total cost so far: $0.92595800
============================================

🌟 Usage Summary 🌟
[CODING] trainer.py
🛠️ Model: o3-mini
📥 Input tokens: 58390 (Cost: $0.06422900)
📦 Cached input tokens: 0 (Cost: $0.00000000)
📤 Output tokens: 10027 (Cost: $0.04411880)
💵 Current total cost: $0.10834780
🪙 Accumulated total cost so far: $1.03430580
============================================

🌟 Usage Summary 🌟
[CODING] evaluation.py
🛠️ Model: o3-mini
📥 Input tokens: 62653 (Cost: $0.06891830)
📦 Cached input tokens: 0 (Cost: $0.00000000)
📤 Output tokens: 12143 (Cost: $0.05342920)
💵 Current total cost: $0.12234750
🪙 Accumulated total cost so far: $1.15665330
============================================

🌟 Usage Summary 🌟
[CODING] experiment_manager.py
🛠️ Model: o3-mini
📥 Input tokens: 67000 (Cost: $0.07370000)
📦 Cached input tokens: 0 (Cost: $0.00000000)
📤 Output tokens: 10180 (Cost: $0.04479200)
💵 Current total cost: $0.11849200
🪙 Accumulated total cost so far: $1.27514530
============================================

🌟 Usage Summary 🌟
[CODING] utils.py
🛠️ Model: o3-mini
📥 Input tokens: 14260 (Cost: $0.01568600)
📦 Cached input tokens: 56320 (Cost: $0.03097600)
📤 Output tokens: 3437 (Cost: $0.01512280)
💵 Current total cost: $0.06178480
🪙 Accumulated total cost so far: $1.33693010
============================================

🌟 Usage Summary 🌟
[CODING] main.py
🛠️ Model: o3-mini
📥 Input tokens: 72669 (Cost: $0.07993590)
📦 Cached input tokens: 0 (Cost: $0.00000000)
📤 Output tokens: 5862 (Cost: $0.02579280)
💵 Current total cost: $0.10572870
🪙 Accumulated total cost so far: $1.44265880
============================================

